Initialized native services in: C:\Users\lauto\.gradle\native
Initialized jansi services in: C:\Users\lauto\.gradle\native
Found daemon DaemonInfo{pid=18056, address=[8e17f4d6-0b88-44b7-8ccb-c467f55a2d2d port:59052, addresses:[/127.0.0.1]], state=Idle, lastBusy=1777238806378, context=DefaultDaemonContext[uid=89bf4d38-1f72-4a3d-a68b-b3894654874b,javaHome=C:\Program Files\Java\jdk-21,javaVersion=21,javaVendor=Oracle Corporation,daemonRegistryDir=C:\Users\lauto\.gradle\daemon,pid=18056,idleTimeout=10800000,priority=NORMAL,applyInstrumentationAgent=true,nativeServicesMode=ENABLED,daemonOpts=-XX:MaxMetaspaceSize=384m,-XX:+HeapDumpOnOutOfMemoryError,-Xms256m,-Xmx512m,-Dfile.encoding=UTF-8,-Duser.country=BR,-Duser.language=pt,-Duser.variant]} however its context does not match the desired criteria.
JVM is incompatible.
Wanted: DaemonRequestContext{jvmCriteria=C:\Program Files\Java\jdk-25.0.2 (no Daemon JVM specified, using current Java home), daemonOpts=[-XX:MaxMetaspaceSize=384m, -XX:+HeapDumpOnOutOfMemoryError, -Xms256m, -Xmx512m, -Dfile.encoding=UTF-8, -Duser.country=BR, -Duser.language=pt, -Duser.variant], applyInstrumentationAgent=true, nativeServicesMode=ENABLED, priority=NORMAL}
Actual: DefaultDaemonContext[uid=89bf4d38-1f72-4a3d-a68b-b3894654874b,javaHome=C:\Program Files\Java\jdk-21,javaVersion=21,javaVendor=Oracle Corporation,daemonRegistryDir=C:\Users\lauto\.gradle\daemon,pid=18056,idleTimeout=10800000,priority=NORMAL,applyInstrumentationAgent=true,nativeServicesMode=ENABLED,daemonOpts=-XX:MaxMetaspaceSize=384m,-XX:+HeapDumpOnOutOfMemoryError,-Xms256m,-Xmx512m,-Dfile.encoding=UTF-8,-Duser.country=BR,-Duser.language=pt,-Duser.variant]

  Looking for a different daemon...
The client will now receive all logging from the daemon (pid: 20512). The daemon log file: C:\Users\lauto\.gradle\daemon\9.4.1\daemon-20512.out.log
Starting 6th build in daemon [uptime: 5 mins 35.409 secs, performance: 99%, GC rate: 0.00/s, heap usage: 2% of 512 MiB, non-heap usage: 38% of 384 MiB]
Using 16 worker leases.
Operational build model parameters: {cachingModelBuilding=false, configurationCache=false, configurationCacheDisabledReason=null, configurationCacheParallelLoad=false, configurationCacheParallelStore=false, configureOnDemand=false, invalidateCoupledProjects=false, isolatedProjects=false, modelAsProjectDependency=false, modelBuilding=false, parallelModelBuilding=false, parallelProjectConfiguration=false, parallelProjectExecution=false, resilientModelBuilding=false}
Now considering [C:\Users\lauto\Documentos\Codexia - Documentos\C├│digo\Codexia] as hierarchies to watch
Watching the file system is configured to be enabled if available
File system watching is active
Starting Build
Settings evaluated using settings file 'C:\Users\lauto\Documentos\Codexia - Documentos\C├│digo\Codexia\settings.gradle.kts'.
Projects loaded. Root project using build file 'C:\Users\lauto\Documentos\Codexia - Documentos\C├│digo\Codexia\build.gradle.kts'.
Included projects: [root project 'codexia', project ':codexia-ai', project ':codexia-identity', project ':codexia-main', project ':codexia-notification', project ':codexia-shared', project ':codexia-snippet', project ':codexia-workspace']

> Configure project :
Evaluating root project 'codexia' using build file 'C:\Users\lauto\Documentos\Codexia - Documentos\C├│digo\Codexia\build.gradle.kts'.
Resolved plugin [id: 'org.springframework.boot', version: '4.0.5', apply: false]
Resolved plugin [id: 'io.spring.dependency-management', version: '1.1.7', apply: false]

> Configure project :codexia-ai
Evaluating project ':codexia-ai' using build file 'C:\Users\lauto\Documentos\Codexia - Documentos\C├│digo\Codexia\codexia-ai\build.gradle.kts'.

> Configure project :codexia-identity
Evaluating project ':codexia-identity' using build file 'C:\Users\lauto\Documentos\Codexia - Documentos\C├│digo\Codexia\codexia-identity\build.gradle.kts'.

> Configure project :codexia-main
Evaluating project ':codexia-main' using build file 'C:\Users\lauto\Documentos\Codexia - Documentos\C├│digo\Codexia\codexia-main\build.gradle.kts'.
Resolved plugin [id: 'org.springframework.boot']
Resolved plugin [id: 'io.spring.dependency-management']
Applying dependency management to configuration 'annotationProcessor' in project 'codexia-main'
Applying dependency management to configuration 'apiElements' in project 'codexia-main'
Applying dependency management to configuration 'archives' in project 'codexia-main'
Applying dependency management to configuration 'bootArchives' in project 'codexia-main'
Applying dependency management to configuration 'compileClasspath' in project 'codexia-main'
Applying dependency management to configuration 'compileOnly' in project 'codexia-main'
Applying dependency management to configuration 'default' in project 'codexia-main'
Applying dependency management to configuration 'developmentOnly' in project 'codexia-main'
Applying dependency management to configuration 'implementation' in project 'codexia-main'
Applying dependency management to configuration 'mainSourceElements' in project 'codexia-main'
Applying dependency management to configuration 'productionRuntimeClasspath' in project 'codexia-main'
Applying dependency management to configuration 'runtimeClasspath' in project 'codexia-main'
Applying dependency management to configuration 'runtimeElements' in project 'codexia-main'
Applying dependency management to configuration 'runtimeOnly' in project 'codexia-main'
Applying dependency management to configuration 'testAndDevelopmentOnly' in project 'codexia-main'
Applying dependency management to configuration 'testAnnotationProcessor' in project 'codexia-main'
Applying dependency management to configuration 'testCompileClasspath' in project 'codexia-main'
Applying dependency management to configuration 'testCompileOnly' in project 'codexia-main'
Applying dependency management to configuration 'testImplementation' in project 'codexia-main'
Applying dependency management to configuration 'testResultsElementsForTest' in project 'codexia-main'
Applying dependency management to configuration 'testRuntimeClasspath' in project 'codexia-main'
Applying dependency management to configuration 'testRuntimeOnly' in project 'codexia-main'

> Configure project :codexia-notification
Evaluating project ':codexia-notification' using build file 'C:\Users\lauto\Documentos\Codexia - Documentos\C├│digo\Codexia\codexia-notification\build.gradle.kts'.

> Configure project :codexia-shared
Evaluating project ':codexia-shared' using build file 'C:\Users\lauto\Documentos\Codexia - Documentos\C├│digo\Codexia\codexia-shared\build.gradle.kts'.

> Configure project :codexia-snippet
Evaluating project ':codexia-snippet' using build file 'C:\Users\lauto\Documentos\Codexia - Documentos\C├│digo\Codexia\codexia-snippet\build.gradle.kts'.
Resolved plugin [id: 'org.springframework.boot']
Resolved plugin [id: 'io.spring.dependency-management']
Applying dependency management to configuration 'annotationProcessor' in project 'codexia-snippet'
Applying dependency management to configuration 'apiElements' in project 'codexia-snippet'
Applying dependency management to configuration 'archives' in project 'codexia-snippet'
Applying dependency management to configuration 'bootArchives' in project 'codexia-snippet'
Applying dependency management to configuration 'compileClasspath' in project 'codexia-snippet'
Applying dependency management to configuration 'compileOnly' in project 'codexia-snippet'
Applying dependency management to configuration 'default' in project 'codexia-snippet'
Applying dependency management to configuration 'developmentOnly' in project 'codexia-snippet'
Applying dependency management to configuration 'implementation' in project 'codexia-snippet'
Applying dependency management to configuration 'mainSourceElements' in project 'codexia-snippet'
Applying dependency management to configuration 'productionRuntimeClasspath' in project 'codexia-snippet'
Applying dependency management to configuration 'runtimeClasspath' in project 'codexia-snippet'
Applying dependency management to configuration 'runtimeElements' in project 'codexia-snippet'
Applying dependency management to configuration 'runtimeOnly' in project 'codexia-snippet'
Applying dependency management to configuration 'testAndDevelopmentOnly' in project 'codexia-snippet'
Applying dependency management to configuration 'testAnnotationProcessor' in project 'codexia-snippet'
Applying dependency management to configuration 'testCompileClasspath' in project 'codexia-snippet'
Applying dependency management to configuration 'testCompileOnly' in project 'codexia-snippet'
Applying dependency management to configuration 'testImplementation' in project 'codexia-snippet'
Applying dependency management to configuration 'testResultsElementsForTest' in project 'codexia-snippet'
Applying dependency management to configuration 'testRuntimeClasspath' in project 'codexia-snippet'
Applying dependency management to configuration 'testRuntimeOnly' in project 'codexia-snippet'

> Configure project :codexia-workspace
Evaluating project ':codexia-workspace' using build file 'C:\Users\lauto\Documentos\Codexia - Documentos\C├│digo\Codexia\codexia-workspace\build.gradle.kts'.
Resolved plugin [id: 'java']
All projects evaluated.
Task path ':codexia-snippet:test' matched project ':codexia-snippet'
Task name matched 'test'
Selected primary task 'test' from project :codexia-snippet
Resolving global dependency management for project 'codexia-snippet'
Excluding []
Excluding []
Excluding []
Excluding []
Excluding []
Excluding []
Tasks to be executed: [task ':codexia-shared:compileJava', task ':codexia-shared:processResources', task ':codexia-shared:classes', task ':codexia-shared:jar', task ':codexia-snippet:compileJava', task ':codexia-snippet:processResources', task ':codexia-snippet:classes', task ':codexia-snippet:compileTestJava', task ':codexia-snippet:processTestResources', task ':codexia-snippet:testClasses', task ':codexia-snippet:test']
Tasks that were excluded: []
Resolve mutations for :codexia-shared:compileJava (Thread[#423,Execution worker,5,main]) started.
:codexia-shared:compileJava (Thread[#423,Execution worker,5,main]) started.

> Task :codexia-shared:compileJava UP-TO-DATE
Caching disabled for task ':codexia-shared:compileJava' because:
  Build cache is disabled
Skipping task ':codexia-shared:compileJava' as it is up-to-date.
Resolve mutations for :codexia-shared:processResources (Thread[#423,Execution worker,5,main]) started.
:codexia-shared:processResources (Thread[#423,Execution worker,5,main]) started.

> Task :codexia-shared:processResources NO-SOURCE
Skipping task ':codexia-shared:processResources' as it has no source files and no previous output files.
Resolve mutations for :codexia-shared:classes (Thread[#423,Execution worker,5,main]) started.
:codexia-shared:classes (Thread[#427,Execution worker Thread 5,5,main]) started.

> Task :codexia-shared:classes UP-TO-DATE
Skipping task ':codexia-shared:classes' as it has no actions.
Resolve mutations for :codexia-shared:jar (Thread[#427,Execution worker Thread 5,5,main]) started.
:codexia-shared:jar (Thread[#427,Execution worker Thread 5,5,main]) started.

> Task :codexia-shared:jar UP-TO-DATE
Caching disabled for task ':codexia-shared:jar' because:
  Build cache is disabled
  Not worth caching
Skipping task ':codexia-shared:jar' as it is up-to-date.
work action resolve codexia-shared-1.0-SNAPSHOT.jar (project :codexia-shared) (Thread[#427,Execution worker Thread 5,5,main]) started.
Resolve mutations for :codexia-snippet:compileJava (Thread[#427,Execution worker Thread 5,5,main]) started.
:codexia-snippet:compileJava (Thread[#427,Execution worker Thread 5,5,main]) started.

> Task :codexia-snippet:compileJava UP-TO-DATE
Custom actions are attached to task ':codexia-snippet:compileJava'.
Caching disabled for task ':codexia-snippet:compileJava' because:
  Build cache is disabled
Skipping task ':codexia-snippet:compileJava' as it is up-to-date.
Resolve mutations for :codexia-snippet:processResources (Thread[#427,Execution worker Thread 5,5,main]) started.
:codexia-snippet:processResources (Thread[#427,Execution worker Thread 5,5,main]) started.

> Task :codexia-snippet:processResources NO-SOURCE
Skipping task ':codexia-snippet:processResources' as it has no source files and no previous output files.
Resolve mutations for :codexia-snippet:classes (Thread[#427,Execution worker Thread 5,5,main]) started.
:codexia-snippet:classes (Thread[#427,Execution worker Thread 5,5,main]) started.

> Task :codexia-snippet:classes UP-TO-DATE
Skipping task ':codexia-snippet:classes' as it has no actions.
Resolve mutations for :codexia-snippet:compileTestJava (Thread[#427,Execution worker Thread 5,5,main]) started.
:codexia-snippet:compileTestJava (Thread[#427,Execution worker Thread 5,5,main]) started.

> Task :codexia-snippet:compileTestJava UP-TO-DATE
Custom actions are attached to task ':codexia-snippet:compileTestJava'.
Caching disabled for task ':codexia-snippet:compileTestJava' because:
  Build cache is disabled
Skipping task ':codexia-snippet:compileTestJava' as it is up-to-date.
Resolve mutations for :codexia-snippet:processTestResources (Thread[#427,Execution worker Thread 5,5,main]) started.
:codexia-snippet:processTestResources (Thread[#427,Execution worker Thread 5,5,main]) started.

> Task :codexia-snippet:processTestResources NO-SOURCE
Skipping task ':codexia-snippet:processTestResources' as it has no source files and no previous output files.
Resolve mutations for :codexia-snippet:testClasses (Thread[#427,Execution worker Thread 5,5,main]) started.
:codexia-snippet:testClasses (Thread[#427,Execution worker Thread 5,5,main]) started.

> Task :codexia-snippet:testClasses UP-TO-DATE
Skipping task ':codexia-snippet:testClasses' as it has no actions.
Resolve mutations for :codexia-snippet:test (Thread[#427,Execution worker Thread 5,5,main]) started.
:codexia-snippet:test (Thread[#427,Execution worker Thread 5,5,main]) started.
Gradle Test Executor 5 started executing tests.
Gradle Test Executor 5 finished executing tests.

> Task :codexia-snippet:test FAILED
Caching disabled for task ':codexia-snippet:test' because:
  Build cache is disabled
Task ':codexia-snippet:test' is not up-to-date because:
  Task has failed previously.
Starting process 'Gradle Test Executor 5'. Working directory: C:\Users\lauto\Documentos\Codexia - Documentos\C├│digo\Codexia\codexia-snippet Command: C:\Program Files\Java\jdk-25.0.2\bin\java.exe -Dorg.gradle.internal.worker.tmpdir=C:\Users\lauto\Documentos\Codexia - Documentos\C├│digo\Codexia\codexia-snippet\build\tmp\test\work --add-opens java.base/java.lang=ALL-UNNAMED --add-opens java.base/java.util=ALL-UNNAMED --add-opens java.base/java.lang.reflect=ALL-UNNAMED @C:\Users\lauto\.gradle\.tmp\gradle-worker-classpath6196837212744128896txt -Xmx512m -Dfile.encoding=UTF-8 -Duser.country=BR -Duser.language=pt -Duser.variant -ea worker.org.gradle.process.internal.worker.GradleWorkerMain 'Gradle Test Executor 5'
Successfully started process 'Gradle Test Executor 5'
Generating HTML test report...
Finished generating test html results (0.002 secs) into: C:\Users\lauto\Documentos\Codexia - Documentos\C├│digo\Codexia\codexia-snippet\build\reports\tests\test
Finished generating test XML results (0.0 secs) into: C:\Users\lauto\Documentos\Codexia - Documentos\C├│digo\Codexia\codexia-snippet\build\test-results\test
./gradlew : 
No linha:1 caractere:1
+ ./gradlew :codexia-snippet:test --info > test-output.txt 2>&1
+ ~~~~~~~~~~~~~~~~~~~~~~~~~~~~~~~~~~~~~~~~~~~~~~~~~~~~~~~~~~~~~
    + CategoryInfo          : NotSpecified: (:String) [], RemoteException
    + FullyQualifiedErrorId : NativeCommandError
 
FAILURE: Build failed with an exception.

* What went wrong:
Execution failed for task ':codexia-snippet:test'.
> Test process encountered an unexpected problem.
   > Could not execute test class 'br.com.codexia.snippet.application.usecase.CreateSnippetUseCaseImplTest$WhenAllInputsAreValid'.
      > java.lang.ClassNotFoundException: br.com.codexia.snippet.application.usecase.CreateSnippetUseCaseImplTest$WhenAllInputsAreValid
   > Could not execute test class 'br.com.codexia.snippet.application.usecase.CreateSnippetUseCaseImplTest$WhenCategoryDoesNotExist'.
      > java.lang.ClassNotFoundException: br.com.codexia.snippet.application.usecase.CreateSnippetUseCaseImplTest$WhenCategoryDoesNotExist
   > Could not execute test class 'br.com.codexia.snippet.application.usecase.CreateSnippetUseCaseImplTest$WhenLanguageIsInvalid'.
      > java.lang.ClassNotFoundException: br.com.codexia.snippet.application.usecase.CreateSnippetUseCaseImplTest$WhenLanguageIsInvalid
   > Could not execute test class 'br.com.codexia.snippet.application.usecase.CreateSnippetUseCaseImplTest$WhenTagsDoNotExist'.
      > java.lang.ClassNotFoundException: br.com.codexia.snippet.application.usecase.CreateSnippetUseCaseImplTest$WhenTagsDoNotExist
   > Could not execute test class 'br.com.codexia.snippet.application.usecase.CreateSnippetUseCaseImplTest'.
      > java.lang.ClassNotFoundException: br.com.codexia.snippet.application.usecase.CreateSnippetUseCaseImplTest

* Try:
> Check common problems https://docs.gradle.org/9.4.1/userguide/java_testing.html#sec:java_testing_troubleshooting.
> Run with --stacktrace option to get the stack trace.
> Run with --debug option to get more log output.
> Run with --scan to get full insights from a Build Scan (powered by Develocity).
> Get more help at https://help.gradle.org.

BUILD FAILED in 1s
5 actionable tasks: 1 executed, 4 up-to-date
Watched directory hierarchies: [C:\Users\lauto\Documentos\Codexia - Documentos\C├│digo\Codexia]
